[    7956ms] [WARNING] Canvas2D: Multiple readback operations using getImageData are faster with the willReadFrequently attribute set to true. See: https://html.spec.whatwg.org/multipage/canvas.html#concept-canvas-will-read-frequently @ https://cdn.iubenda.com/cookie_solution/iubenda_cs/1.100.0/core-de.js:0
[    7958ms] [WARNING] Canvas2D: Multiple readback operations using getImageData are faster with the willReadFrequently attribute set to true. See: https://html.spec.whatwg.org/multipage/canvas.html#concept-canvas-will-read-frequently @ https://cdn.iubenda.com/cookie_solution/iubenda_cs/1.100.0/core-de.js:0
[    7961ms] [WARNING] Canvas2D: Multiple readback operations using getImageData are faster with the willReadFrequently attribute set to true. See: https://html.spec.whatwg.org/multipage/canvas.html#concept-canvas-will-read-frequently @ https://cdn.iubenda.com/cookie_solution/iubenda_cs/1.100.0/core-de.js:0
[    8591ms] TypeError: Cannot read properties of undefined (reading '2')
    at new d (https://www.flyeralarm.com/cds/components/chunks/salesforce-chat.D1hnIQ4l.js:1:6978)
    at https://www.flyeralarm.com/cds/components/chunks/lit.BoP4Coxb.js:108:101
    at l (https://www.flyeralarm.com/cds/components/chunks/salesforce-chat.D1hnIQ4l.js:1:6577)
    at https://www.flyeralarm.com/cds/components/chunks/salesforce-chat.D1hnIQ4l.js:1:12554
[    9060ms] [INFO] Customer not logged in:   @ https://www.flyeralarm.com/cds/components/chunks/index.C5o0MmU4.js:0
[    9241ms] [WARNING] [Meta Pixel] - Invalid PixelID: null. @ https://connect.facebook.net/en_US/fbevents.js:183
[    9241ms] [WARNING] [Meta Pixel] - Trying to set argument tmSimo-GTM-WebTemplate for uninitialized Pixel ID . @ https://connect.facebook.net/en_US/fbevents.js:183
[    9241ms] [WARNING] [Meta Pixel] - Pixel  not found @ https://connect.facebook.net/en_US/fbevents.js:183
[   44903ms] [WARNING] [Meta Pixel] - Invalid PixelID: null. @ https://connect.facebook.net/en_US/fbevents.js:183
[   44903ms] [WARNING] [Meta Pixel] - Trying to set argument tmSimo-GTM-WebTemplate for uninitialized Pixel ID . @ https://connect.facebook.net/en_US/fbevents.js:183
[   44903ms] [WARNING] [Meta Pixel] - Pixel  not found @ https://connect.facebook.net/en_US/fbevents.js:183
[   44967ms] [INFO] Customer not logged in:   @ https://www.flyeralarm.com/cds/components/chunks/index.C5o0MmU4.js:0
[   45440ms] [LOG] Loaded CSS @ https://flyeralarm.my.site.com/ESWWeb2CSAIDE1772457466861/assets/js/bootstrap.min.js:0
[   45525ms] [ERROR] Error: no matches found for one or more requested services
    at https://flyeralarm.my.site.com/ESWWeb2CSAIDE1772457466861/webruntime/component/8efb90142ddc67f5fd377d53ee6909df/prod/en-US/force/ldsWebruntimeOneStoreInit_cmp:31:547
    at Object.then (https://flyeralarm.my.site.com/ESWWeb2CSAIDE1772457466861/webruntime/component/8efb90142ddc67f5fd377d53ee6909df/prod/en-US/force/ldsWebruntimeOneStoreInit_cmp:26:67)
    at e.default (https://flyeralarm.my.site.com/ESWWeb2CSAIDE1772457466861/webruntime/component/8efb90142ddc67f5fd377d53ee6909df/prod/en-US/force/ldsWebruntimeOneStoreInit_cmp:31:503)
    at https://flyeralarm.my.site.com/ESWWeb2CSAIDE1772457466861/webruntime/view/8a68f720e89ef66e3fcbd4e987f01124/prod/en-US/home_view:449:4906
    at ModuleRegistry.evaluateModule (https://flyeralarm.my.site.com/ESWWeb2CSAIDE1772457466861/webruntime/framework/1e7fb74fd8/prod/lwr_loader:12:8637)
    at async ModuleRegistry.evaluateModuleDependencies (https://flyeralarm.my.site.com/ESWWeb2CSAIDE1772457466861/webruntime/framework/1e7fb74fd8/prod/lwr_loader:12:9692)
    at async ModuleRegistry.evaluateModule (https://flyeralarm.my.site.com/ESWWeb2CSAIDE1772457466861/webruntime/framework/1e7fb74fd8/prod/lwr_loader:12:8157)
    at async ModuleRegistry.evaluateModuleDependencies (https://flyeralarm.my.site.com/ESWWeb2CSAIDE1772457466861/webruntime/framework/1e7fb74fd8/prod/lwr_loader:12:9692)
    at async ModuleRegistry.evaluateModule (https://flyeralarm.my.site.com/ESWWeb2CSAIDE1772457466861/webruntime/framework/1e7fb74fd8/prod/lwr_loader:12:8157)
    at async ModuleRegistry.evaluateModuleDependencies (https://flyeralarm.my.site.com/ESWWeb2CSAIDE1772457466861/webruntime/framework/1e7fb74fd8/prod/lwr_loader:12:9692) @ https://flyeralarm.my.site.com/ESWWeb2CSAIDE1772457466861/webruntime/component/8efb90142ddc67f5fd377d53ee6909df/prod/en-US/force/ldsWebruntimeOneStoreInit_cmp:30
[   45533ms] [LOG] Created Agentforce Messaging frame @ https://flyeralarm.my.site.com/ESWWeb2CSAIDE1772457466861/assets/js/bootstrap.min.js:0
[   45544ms] [LOG] [getResourceReferenceFromAuraMethod] aura controller mapping returned empty for 'EvfSdkController.getEventTypes' @ https://flyeralarm.my.site.com/ESWWeb2CSAIDE1772457466861/webruntime/framework/9b66f4a4e3/prod/lwr_bootstrap:2
[   45554ms] [LOG] Could not fetch the event types-[object Object] @ https://flyeralarm.my.site.com/ESWWeb2CSAIDE1772457466861/webruntime/view/8a68f720e89ef66e3fcbd4e987f01124/prod/en-US/home_view:411
[  576773ms] [WARNING] [Meta Pixel] - Invalid PixelID: null. @ https://connect.facebook.net/en_US/fbevents.js:183
[  576773ms] [WARNING] [Meta Pixel] - Trying to set argument tmSimo-GTM-WebTemplate for uninitialized Pixel ID . @ https://connect.facebook.net/en_US/fbevents.js:183
[  576773ms] [WARNING] [Meta Pixel] - Pixel  not found @ https://connect.facebook.net/en_US/fbevents.js:183
[  576849ms] [INFO] Customer not logged in:   @ https://www.flyeralarm.com/cds/components/chunks/index.C5o0MmU4.js:0
[  579318ms] [LOG] Loaded CSS @ https://flyeralarm.my.site.com/ESWWeb2CSAIDE1772457466861/assets/js/bootstrap.min.js:0
[  579516ms] [ERROR] Error: no matches found for one or more requested services
    at https://flyeralarm.my.site.com/ESWWeb2CSAIDE1772457466861/webruntime/component/8efb90142ddc67f5fd377d53ee6909df/prod/en-US/force/ldsWebruntimeOneStoreInit_cmp:31:547
    at Object.then (https://flyeralarm.my.site.com/ESWWeb2CSAIDE1772457466861/webruntime/component/8efb90142ddc67f5fd377d53ee6909df/prod/en-US/force/ldsWebruntimeOneStoreInit_cmp:26:67)
    at e.default (https://flyeralarm.my.site.com/ESWWeb2CSAIDE1772457466861/webruntime/component/8efb90142ddc67f5fd377d53ee6909df/prod/en-US/force/ldsWebruntimeOneStoreInit_cmp:31:503)
    at https://flyeralarm.my.site.com/ESWWeb2CSAIDE1772457466861/webruntime/view/8a68f720e89ef66e3fcbd4e987f01124/prod/en-US/home_view:449:4906
    at ModuleRegistry.evaluateModule (https://flyeralarm.my.site.com/ESWWeb2CSAIDE1772457466861/webruntime/framework/1e7fb74fd8/prod/lwr_loader:12:8637)
    at async ModuleRegistry.evaluateModuleDependencies (https://flyeralarm.my.site.com/ESWWeb2CSAIDE1772457466861/webruntime/framework/1e7fb74fd8/prod/lwr_loader:12:9692)
    at async ModuleRegistry.evaluateModule (https://flyeralarm.my.site.com/ESWWeb2CSAIDE1772457466861/webruntime/framework/1e7fb74fd8/prod/lwr_loader:12:8157)
    at async ModuleRegistry.evaluateModuleDependencies (https://flyeralarm.my.site.com/ESWWeb2CSAIDE1772457466861/webruntime/framework/1e7fb74fd8/prod/lwr_loader:12:9692)
    at async ModuleRegistry.evaluateModule (https://flyeralarm.my.site.com/ESWWeb2CSAIDE1772457466861/webruntime/framework/1e7fb74fd8/prod/lwr_loader:12:8157)
    at async ModuleRegistry.evaluateModuleDependencies (https://flyeralarm.my.site.com/ESWWeb2CSAIDE1772457466861/webruntime/framework/1e7fb74fd8/prod/lwr_loader:12:9692) @ https://flyeralarm.my.site.com/ESWWeb2CSAIDE1772457466861/webruntime/component/8efb90142ddc67f5fd377d53ee6909df/prod/en-US/force/ldsWebruntimeOneStoreInit_cmp:30
[  579615ms] [LOG] Created Agentforce Messaging frame @ https://flyeralarm.my.site.com/ESWWeb2CSAIDE1772457466861/assets/js/bootstrap.min.js:0
[  579625ms] [LOG] [getResourceReferenceFromAuraMethod] aura controller mapping returned empty for 'EvfSdkController.getEventTypes' @ https://flyeralarm.my.site.com/ESWWeb2CSAIDE1772457466861/webruntime/framework/9b66f4a4e3/prod/lwr_bootstrap:2
[  579637ms] [LOG] Could not fetch the event types-[object Object] @ https://flyeralarm.my.site.com/ESWWeb2CSAIDE1772457466861/webruntime/view/8a68f720e89ef66e3fcbd4e987f01124/prod/en-US/home_view:411
[  599646ms] [ERROR] Error: Syntax error, unrecognized expression: #
    at se.error (https://login.flyeralarm.com/auth/resources/hg0w5/login/flyeralarm/js/jquery.min.js:2:13061)
    at se.tokenize (https://login.flyeralarm.com/auth/resources/hg0w5/login/flyeralarm/js/jquery.min.js:2:21072)
    at se.select (https://login.flyeralarm.com/auth/resources/hg0w5/login/flyeralarm/js/jquery.min.js:2:21901)
    at k.se [as find] (https://login.flyeralarm.com/auth/resources/hg0w5/login/flyeralarm/js/jquery.min.js:2:6893)
    at k.fn.init.find (https://login.flyeralarm.com/auth/resources/hg0w5/login/flyeralarm/js/jquery.min.js:2:24471)
    at new k.fn.init (https://login.flyeralarm.com/auth/resources/hg0w5/login/flyeralarm/js/jquery.min.js:2:24960)
    at k (https://login.flyeralarm.com/auth/resources/hg0w5/login/flyeralarm/js/jquery.min.js:2:950)
    at HTMLLIElement.<anonymous> (https://login.flyeralarm.com/auth/resources/hg0w5/login/flyeralarm/js/foundation.min.js:1:146443)
    at k.each (https://login.flyeralarm.com/auth/resources/hg0w5/login/flyeralarm/js/jquery.min.js:2:2777)
    at k.fn.init.each (https://login.flyeralarm.com/auth/resources/hg0w5/login/flyeralarm/js/jquery.min.js:2:1419) @ https://login.flyeralarm.com/auth/resources/hg0w5/login/flyeralarm/js/foundation.min.js:0
[  599647ms] TypeError: Cannot read properties of null (reading 'getAttribute')
    at setPasswordForgottenReferrer (https://login.flyeralarm.com/auth/realms/FLYERALARM_DE/protocol/openid-connect/auth?client_id=customer-account&response_type=code&scope=openid&redirect_uri=https://www.flyeralarm.com/de/customer-account/auth:136:27)
    at https://login.flyeralarm.com/auth/realms/FLYERALARM_DE/protocol/openid-connect/auth?client_id=customer-account&response_type=code&scope=openid&redirect_uri=https://www.flyeralarm.com/de/customer-account/auth:142:9
[  599657ms] [VERBOSE] [DOM] Input elements should have autocomplete attributes (suggested: "current-password"): (More info: https://goo.gl/9p2vKq) %o @ https://login.flyeralarm.com/auth/realms/FLYERALARM_DE/protocol/openid-connect/auth?client_id=customer-account&response_type=code&scope=openid&redirect_uri=https://www.flyeralarm.com/de/customer-account/auth:0
[  600396ms] [ERROR] Framing 'https://sgtm2.flyeralarm.com/' violates the following Content Security Policy directive: "frame-src 'self'". The request has been blocked.
 @ https://sgtm2.flyeralarm.com/:0
[  600406ms] [WARNING] Failed to execute 'postMessage' on 'DOMWindow': The target origin provided ('https://sgtm2.flyeralarm.com') does not match the recipient window's origin ('null'). @ https://sgtm2.flyeralarm.com/gtag/js?id=G-J1Z7PV9TM6&cx=c&gtm=4e6641&sign=02db55ad5bdcb3334e9ea13bb1bb329736f6439284040feda68f88ebf687a0eb_20260610:863
[  600490ms] [WARNING] [Meta Pixel] - Invalid PixelID: null. @ https://connect.facebook.net/en_US/fbevents.js:183
[  600490ms] [WARNING] [Meta Pixel] - Trying to set argument tmSimo-GTM-WebTemplate for uninitialized Pixel ID . @ https://connect.facebook.net/en_US/fbevents.js:183
[  600490ms] [WARNING] [Meta Pixel] - Pixel  not found @ https://connect.facebook.net/en_US/fbevents.js:183
[  600496ms] [ERROR] Framing 'https://ct.pinterest.com/' violates the following Content Security Policy directive: "frame-src 'self'". The request has been blocked.
 @ https://s.pinimg.com/:0
[  600909ms] [WARNING] Failed to execute 'postMessage' on 'DOMWindow': The target origin provided ('https://sgtm2.flyeralarm.com') does not match the recipient window's origin ('null'). @ https://sgtm2.flyeralarm.com/gtag/js?id=G-J1Z7PV9TM6&cx=c&gtm=4e6641&sign=02db55ad5bdcb3334e9ea13bb1bb329736f6439284040feda68f88ebf687a0eb_20260610:863
[  601423ms] [WARNING] Failed to execute 'postMessage' on 'DOMWindow': The target origin provided ('https://sgtm2.flyeralarm.com') does not match the recipient window's origin ('null'). @ https://sgtm2.flyeralarm.com/gtag/js?id=G-J1Z7PV9TM6&cx=c&gtm=4e6641&sign=02db55ad5bdcb3334e9ea13bb1bb329736f6439284040feda68f88ebf687a0eb_20260610:863
[  601925ms] [WARNING] Failed to execute 'postMessage' on 'DOMWindow': The target origin provided ('https://sgtm2.flyeralarm.com') does not match the recipient window's origin ('null'). @ https://sgtm2.flyeralarm.com/gtag/js?id=G-J1Z7PV9TM6&cx=c&gtm=4e6641&sign=02db55ad5bdcb3334e9ea13bb1bb329736f6439284040feda68f88ebf687a0eb_20260610:863
[  602440ms] [WARNING] Failed to execute 'postMessage' on 'DOMWindow': The target origin provided ('https://sgtm2.flyeralarm.com') does not match the recipient window's origin ('null'). @ https://sgtm2.flyeralarm.com/gtag/js?id=G-J1Z7PV9TM6&cx=c&gtm=4e6641&sign=02db55ad5bdcb3334e9ea13bb1bb329736f6439284040feda68f88ebf687a0eb_20260610:863
[  602950ms] [WARNING] Failed to execute 'postMessage' on 'DOMWindow': The target origin provided ('https://sgtm2.flyeralarm.com') does not match the recipient window's origin ('null'). @ https://sgtm2.flyeralarm.com/gtag/js?id=G-J1Z7PV9TM6&cx=c&gtm=4e6641&sign=02db55ad5bdcb3334e9ea13bb1bb329736f6439284040feda68f88ebf687a0eb_20260610:863
[  603468ms] [WARNING] Failed to execute 'postMessage' on 'DOMWindow': The target origin provided ('https://sgtm2.flyeralarm.com') does not match the recipient window's origin ('null'). @ https://sgtm2.flyeralarm.com/gtag/js?id=G-J1Z7PV9TM6&cx=c&gtm=4e6641&sign=02db55ad5bdcb3334e9ea13bb1bb329736f6439284040feda68f88ebf687a0eb_20260610:863
[  603979ms] [WARNING] Failed to execute 'postMessage' on 'DOMWindow': The target origin provided ('https://sgtm2.flyeralarm.com') does not match the recipient window's origin ('null'). @ https://sgtm2.flyeralarm.com/gtag/js?id=G-J1Z7PV9TM6&cx=c&gtm=4e6641&sign=02db55ad5bdcb3334e9ea13bb1bb329736f6439284040feda68f88ebf687a0eb_20260610:863
[  604493ms] [WARNING] Failed to execute 'postMessage' on 'DOMWindow': The target origin provided ('https://sgtm2.flyeralarm.com') does not match the recipient window's origin ('null'). @ https://sgtm2.flyeralarm.com/gtag/js?id=G-J1Z7PV9TM6&cx=c&gtm=4e6641&sign=02db55ad5bdcb3334e9ea13bb1bb329736f6439284040feda68f88ebf687a0eb_20260610:863
[  605011ms] [WARNING] Failed to execute 'postMessage' on 'DOMWindow': The target origin provided ('https://sgtm2.flyeralarm.com') does not match the recipient window's origin ('null'). @ https://sgtm2.flyeralarm.com/gtag/js?id=G-J1Z7PV9TM6&cx=c&gtm=4e6641&sign=02db55ad5bdcb3334e9ea13bb1bb329736f6439284040feda68f88ebf687a0eb_20260610:863
[  605524ms] [WARNING] Failed to execute 'postMessage' on 'DOMWindow': The target origin provided ('https://sgtm2.flyeralarm.com') does not match the recipient window's origin ('null'). @ https://sgtm2.flyeralarm.com/gtag/js?id=G-J1Z7PV9TM6&cx=c&gtm=4e6641&sign=02db55ad5bdcb3334e9ea13bb1bb329736f6439284040feda68f88ebf687a0eb_20260610:863
[  606042ms] [WARNING] Failed to execute 'postMessage' on 'DOMWindow': The target origin provided ('https://sgtm2.flyeralarm.com') does not match the recipient window's origin ('null'). @ https://sgtm2.flyeralarm.com/gtag/js?id=G-J1Z7PV9TM6&cx=c&gtm=4e6641&sign=02db55ad5bdcb3334e9ea13bb1bb329736f6439284040feda68f88ebf687a0eb_20260610:863
[  606555ms] [WARNING] Failed to execute 'postMessage' on 'DOMWindow': The target origin provided ('https://sgtm2.flyeralarm.com') does not match the recipient window's origin ('null'). @ https://sgtm2.flyeralarm.com/gtag/js?id=G-J1Z7PV9TM6&cx=c&gtm=4e6641&sign=02db55ad5bdcb3334e9ea13bb1bb329736f6439284040feda68f88ebf687a0eb_20260610:863
[  607067ms] [WARNING] Failed to execute 'postMessage' on 'DOMWindow': The target origin provided ('https://sgtm2.flyeralarm.com') does not match the recipient window's origin ('null'). @ https://sgtm2.flyeralarm.com/gtag/js?id=G-J1Z7PV9TM6&cx=c&gtm=4e6641&sign=02db55ad5bdcb3334e9ea13bb1bb329736f6439284040feda68f88ebf687a0eb_20260610:863
[  607581ms] [WARNING] Failed to execute 'postMessage' on 'DOMWindow': The target origin provided ('https://sgtm2.flyeralarm.com') does not match the recipient window's origin ('null'). @ https://sgtm2.flyeralarm.com/gtag/js?id=G-J1Z7PV9TM6&cx=c&gtm=4e6641&sign=02db55ad5bdcb3334e9ea13bb1bb329736f6439284040feda68f88ebf687a0eb_20260610:863
[  608087ms] [WARNING] Failed to execute 'postMessage' on 'DOMWindow': The target origin provided ('https://sgtm2.flyeralarm.com') does not match the recipient window's origin ('null'). @ https://sgtm2.flyeralarm.com/gtag/js?id=G-J1Z7PV9TM6&cx=c&gtm=4e6641&sign=02db55ad5bdcb3334e9ea13bb1bb329736f6439284040feda68f88ebf687a0eb_20260610:863
[  608594ms] [WARNING] Failed to execute 'postMessage' on 'DOMWindow': The target origin provided ('https://sgtm2.flyeralarm.com') does not match the recipient window's origin ('null'). @ https://sgtm2.flyeralarm.com/gtag/js?id=G-J1Z7PV9TM6&cx=c&gtm=4e6641&sign=02db55ad5bdcb3334e9ea13bb1bb329736f6439284040feda68f88ebf687a0eb_20260610:863
[  609063ms] [ERROR] Framing 'https://www.facebook.com/' violates the following Content Security Policy directive: "frame-src 'self'". The request has been blocked.
 @ https://connect.facebook.net/:0
[  609106ms] [WARNING] Failed to execute 'postMessage' on 'DOMWindow': The target origin provided ('https://sgtm2.flyeralarm.com') does not match the recipient window's origin ('null'). @ https://sgtm2.flyeralarm.com/gtag/js?id=G-J1Z7PV9TM6&cx=c&gtm=4e6641&sign=02db55ad5bdcb3334e9ea13bb1bb329736f6439284040feda68f88ebf687a0eb_20260610:863
[  609618ms] [WARNING] Failed to execute 'postMessage' on 'DOMWindow': The target origin provided ('https://sgtm2.flyeralarm.com') does not match the recipient window's origin ('null'). @ https://sgtm2.flyeralarm.com/gtag/js?id=G-J1Z7PV9TM6&cx=c&gtm=4e6641&sign=02db55ad5bdcb3334e9ea13bb1bb329736f6439284040feda68f88ebf687a0eb_20260610:863
[  610550ms] [WARNING] [Meta Pixel] - Invalid PixelID: null. @ https://connect.facebook.net/en_US/fbevents.js:183
[  610550ms] [WARNING] [Meta Pixel] - Trying to set argument tmSimo-GTM-WebTemplate for uninitialized Pixel ID . @ https://connect.facebook.net/en_US/fbevents.js:183
[  610551ms] [WARNING] [Meta Pixel] - Pixel  not found @ https://connect.facebook.net/en_US/fbevents.js:183
[  611003ms] [LOG] Loaded CSS @ https://flyeralarm.my.site.com/ESWWeb2CSAIDE1772457466861/assets/js/bootstrap.min.js:0
[  611084ms] [ERROR] Error: no matches found for one or more requested services
    at https://flyeralarm.my.site.com/ESWWeb2CSAIDE1772457466861/webruntime/component/8efb90142ddc67f5fd377d53ee6909df/prod/en-US/force/ldsWebruntimeOneStoreInit_cmp:31:547
    at Object.then (https://flyeralarm.my.site.com/ESWWeb2CSAIDE1772457466861/webruntime/component/8efb90142ddc67f5fd377d53ee6909df/prod/en-US/force/ldsWebruntimeOneStoreInit_cmp:26:67)
    at e.default (https://flyeralarm.my.site.com/ESWWeb2CSAIDE1772457466861/webruntime/component/8efb90142ddc67f5fd377d53ee6909df/prod/en-US/force/ldsWebruntimeOneStoreInit_cmp:31:503)
    at https://flyeralarm.my.site.com/ESWWeb2CSAIDE1772457466861/webruntime/view/8a68f720e89ef66e3fcbd4e987f01124/prod/en-US/home_view:449:4906
    at ModuleRegistry.evaluateModule (https://flyeralarm.my.site.com/ESWWeb2CSAIDE1772457466861/webruntime/framework/1e7fb74fd8/prod/lwr_loader:12:8637)
    at async ModuleRegistry.evaluateModuleDependencies (https://flyeralarm.my.site.com/ESWWeb2CSAIDE1772457466861/webruntime/framework/1e7fb74fd8/prod/lwr_loader:12:9692)
    at async ModuleRegistry.evaluateModule (https://flyeralarm.my.site.com/ESWWeb2CSAIDE1772457466861/webruntime/framework/1e7fb74fd8/prod/lwr_loader:12:8157)
    at async ModuleRegistry.evaluateModuleDependencies (https://flyeralarm.my.site.com/ESWWeb2CSAIDE1772457466861/webruntime/framework/1e7fb74fd8/prod/lwr_loader:12:9692)
    at async ModuleRegistry.evaluateModule (https://flyeralarm.my.site.com/ESWWeb2CSAIDE1772457466861/webruntime/framework/1e7fb74fd8/prod/lwr_loader:12:8157)
    at async ModuleRegistry.evaluateModuleDependencies (https://flyeralarm.my.site.com/ESWWeb2CSAIDE1772457466861/webruntime/framework/1e7fb74fd8/prod/lwr_loader:12:9692) @ https://flyeralarm.my.site.com/ESWWeb2CSAIDE1772457466861/webruntime/component/8efb90142ddc67f5fd377d53ee6909df/prod/en-US/force/ldsWebruntimeOneStoreInit_cmp:30
[  611134ms] [LOG] Created Agentforce Messaging frame @ https://flyeralarm.my.site.com/ESWWeb2CSAIDE1772457466861/assets/js/bootstrap.min.js:0
[  611144ms] [LOG] [getResourceReferenceFromAuraMethod] aura controller mapping returned empty for 'EvfSdkController.getEventTypes' @ https://flyeralarm.my.site.com/ESWWeb2CSAIDE1772457466861/webruntime/framework/9b66f4a4e3/prod/lwr_bootstrap:2
[  611155ms] [LOG] Could not fetch the event types-[object Object] @ https://flyeralarm.my.site.com/ESWWeb2CSAIDE1772457466861/webruntime/view/8a68f720e89ef66e3fcbd4e987f01124/prod/en-US/home_view:411
[  621262ms] [WARNING] [Meta Pixel] - Invalid PixelID: null. @ https://connect.facebook.net/en_US/fbevents.js:183
[  621263ms] [WARNING] [Meta Pixel] - Trying to set argument tmSimo-GTM-WebTemplate for uninitialized Pixel ID . @ https://connect.facebook.net/en_US/fbevents.js:183
[  621263ms] [WARNING] [Meta Pixel] - Pixel  not found @ https://connect.facebook.net/en_US/fbevents.js:183
[  621700ms] [LOG] Loaded CSS @ https://flyeralarm.my.site.com/ESWWeb2CSAIDE1772457466861/assets/js/bootstrap.min.js:0
[  621815ms] [ERROR] Error: no matches found for one or more requested services
    at https://flyeralarm.my.site.com/ESWWeb2CSAIDE1772457466861/webruntime/component/8efb90142ddc67f5fd377d53ee6909df/prod/en-US/force/ldsWebruntimeOneStoreInit_cmp:31:547
    at Object.then (https://flyeralarm.my.site.com/ESWWeb2CSAIDE1772457466861/webruntime/component/8efb90142ddc67f5fd377d53ee6909df/prod/en-US/force/ldsWebruntimeOneStoreInit_cmp:26:67)
    at e.default (https://flyeralarm.my.site.com/ESWWeb2CSAIDE1772457466861/webruntime/component/8efb90142ddc67f5fd377d53ee6909df/prod/en-US/force/ldsWebruntimeOneStoreInit_cmp:31:503)
    at https://flyeralarm.my.site.com/ESWWeb2CSAIDE1772457466861/webruntime/view/8a68f720e89ef66e3fcbd4e987f01124/prod/en-US/home_view:449:4906
    at ModuleRegistry.evaluateModule (https://flyeralarm.my.site.com/ESWWeb2CSAIDE1772457466861/webruntime/framework/1e7fb74fd8/prod/lwr_loader:12:8637)
    at async ModuleRegistry.evaluateModuleDependencies (https://flyeralarm.my.site.com/ESWWeb2CSAIDE1772457466861/webruntime/framework/1e7fb74fd8/prod/lwr_loader:12:9692)
    at async ModuleRegistry.evaluateModule (https://flyeralarm.my.site.com/ESWWeb2CSAIDE1772457466861/webruntime/framework/1e7fb74fd8/prod/lwr_loader:12:8157)
    at async ModuleRegistry.evaluateModuleDependencies (https://flyeralarm.my.site.com/ESWWeb2CSAIDE1772457466861/webruntime/framework/1e7fb74fd8/prod/lwr_loader:12:9692)
    at async ModuleRegistry.evaluateModule (https://flyeralarm.my.site.com/ESWWeb2CSAIDE1772457466861/webruntime/framework/1e7fb74fd8/prod/lwr_loader:12:8157)
    at async ModuleRegistry.evaluateModuleDependencies (https://flyeralarm.my.site.com/ESWWeb2CSAIDE1772457466861/webruntime/framework/1e7fb74fd8/prod/lwr_loader:12:9692) @ https://flyeralarm.my.site.com/ESWWeb2CSAIDE1772457466861/webruntime/component/8efb90142ddc67f5fd377d53ee6909df/prod/en-US/force/ldsWebruntimeOneStoreInit_cmp:30
[  621855ms] [LOG] Created Agentforce Messaging frame @ https://flyeralarm.my.site.com/ESWWeb2CSAIDE1772457466861/assets/js/bootstrap.min.js:0
[  621864ms] [LOG] [getResourceReferenceFromAuraMethod] aura controller mapping returned empty for 'EvfSdkController.getEventTypes' @ https://flyeralarm.my.site.com/ESWWeb2CSAIDE1772457466861/webruntime/framework/9b66f4a4e3/prod/lwr_bootstrap:2
[  621872ms] [LOG] Could not fetch the event types-[object Object] @ https://flyeralarm.my.site.com/ESWWeb2CSAIDE1772457466861/webruntime/view/8a68f720e89ef66e3fcbd4e987f01124/prod/en-US/home_view:411
[  631787ms] [WARNING] [Meta Pixel] - Invalid PixelID: null. @ https://connect.facebook.net/en_US/fbevents.js:183
[  631787ms] [WARNING] [Meta Pixel] - Trying to set argument tmSimo-GTM-WebTemplate for uninitialized Pixel ID . @ https://connect.facebook.net/en_US/fbevents.js:183
[  631787ms] [WARNING] [Meta Pixel] - Pixel  not found @ https://connect.facebook.net/en_US/fbevents.js:183
[  632657ms] [LOG] Loaded CSS @ https://flyeralarm.my.site.com/ESWWeb2CSAIDE1772457466861/assets/js/bootstrap.min.js:0
[  632779ms] [ERROR] Error: no matches found for one or more requested services
    at https://flyeralarm.my.site.com/ESWWeb2CSAIDE1772457466861/webruntime/component/8efb90142ddc67f5fd377d53ee6909df/prod/en-US/force/ldsWebruntimeOneStoreInit_cmp:31:547
    at Object.then (https://flyeralarm.my.site.com/ESWWeb2CSAIDE1772457466861/webruntime/component/8efb90142ddc67f5fd377d53ee6909df/prod/en-US/force/ldsWebruntimeOneStoreInit_cmp:26:67)
    at e.default (https://flyeralarm.my.site.com/ESWWeb2CSAIDE1772457466861/webruntime/component/8efb90142ddc67f5fd377d53ee6909df/prod/en-US/force/ldsWebruntimeOneStoreInit_cmp:31:503)
    at https://flyeralarm.my.site.com/ESWWeb2CSAIDE1772457466861/webruntime/view/8a68f720e89ef66e3fcbd4e987f01124/prod/en-US/home_view:449:4906
    at ModuleRegistry.evaluateModule (https://flyeralarm.my.site.com/ESWWeb2CSAIDE1772457466861/webruntime/framework/1e7fb74fd8/prod/lwr_loader:12:8637)
    at async ModuleRegistry.evaluateModuleDependencies (https://flyeralarm.my.site.com/ESWWeb2CSAIDE1772457466861/webruntime/framework/1e7fb74fd8/prod/lwr_loader:12:9692)
    at async ModuleRegistry.evaluateModule (https://flyeralarm.my.site.com/ESWWeb2CSAIDE1772457466861/webruntime/framework/1e7fb74fd8/prod/lwr_loader:12:8157)
    at async ModuleRegistry.evaluateModuleDependencies (https://flyeralarm.my.site.com/ESWWeb2CSAIDE1772457466861/webruntime/framework/1e7fb74fd8/prod/lwr_loader:12:9692)
    at async ModuleRegistry.evaluateModule (https://flyeralarm.my.site.com/ESWWeb2CSAIDE1772457466861/webruntime/framework/1e7fb74fd8/prod/lwr_loader:12:8157)
    at async ModuleRegistry.evaluateModuleDependencies (https://flyeralarm.my.site.com/ESWWeb2CSAIDE1772457466861/webruntime/framework/1e7fb74fd8/prod/lwr_loader:12:9692) @ https://flyeralarm.my.site.com/ESWWeb2CSAIDE1772457466861/webruntime/component/8efb90142ddc67f5fd377d53ee6909df/prod/en-US/force/ldsWebruntimeOneStoreInit_cmp:30
[  632792ms] [LOG] Created Agentforce Messaging frame @ https://flyeralarm.my.site.com/ESWWeb2CSAIDE1772457466861/assets/js/bootstrap.min.js:0
[  632801ms] [LOG] [getResourceReferenceFromAuraMethod] aura controller mapping returned empty for 'EvfSdkController.getEventTypes' @ https://flyeralarm.my.site.com/ESWWeb2CSAIDE1772457466861/webruntime/framework/9b66f4a4e3/prod/lwr_bootstrap:2
[  632809ms] [LOG] Could not fetch the event types-[object Object] @ https://flyeralarm.my.site.com/ESWWeb2CSAIDE1772457466861/webruntime/view/8a68f720e89ef66e3fcbd4e987f01124/prod/en-US/home_view:411
