[     579ms] [INFO] Customer not logged in:   @ https://www.flyeralarm.com/cds/components/chunks/index.C5o0MmU4.js:0
[     829ms] [WARNING] [Meta Pixel] - Invalid PixelID: null. @ https://connect.facebook.net/en_US/fbevents.js:183
[     829ms] [WARNING] [Meta Pixel] - Trying to set argument tmSimo-GTM-WebTemplate for uninitialized Pixel ID . @ https://connect.facebook.net/en_US/fbevents.js:183
[     829ms] [WARNING] [Meta Pixel] - Pixel  not found @ https://connect.facebook.net/en_US/fbevents.js:183
[    1747ms] [LOG] Loaded CSS @ https://flyeralarm.my.site.com/ESWWeb2CSAIDE1772457466861/assets/js/bootstrap.min.js:0
[    2093ms] [ERROR] Error: no matches found for one or more requested services
    at https://flyeralarm.my.site.com/ESWWeb2CSAIDE1772457466861/webruntime/component/8efb90142ddc67f5fd377d53ee6909df/prod/en-US/force/ldsWebruntimeOneStoreInit_cmp:31:547
    at Object.then (https://flyeralarm.my.site.com/ESWWeb2CSAIDE1772457466861/webruntime/component/8efb90142ddc67f5fd377d53ee6909df/prod/en-US/force/ldsWebruntimeOneStoreInit_cmp:26:67)
    at e.default (https://flyeralarm.my.site.com/ESWWeb2CSAIDE1772457466861/webruntime/component/8efb90142ddc67f5fd377d53ee6909df/prod/en-US/force/ldsWebruntimeOneStoreInit_cmp:31:503)
    at https://flyeralarm.my.site.com/ESWWeb2CSAIDE1772457466861/webruntime/view/8a68f720e89ef66e3fcbd4e987f01124/prod/en-US/home_view:449:4906
    at ModuleRegistry.evaluateModule (https://flyeralarm.my.site.com/ESWWeb2CSAIDE1772457466861/webruntime/framework/1e7fb74fd8/prod/lwr_loader:12:8637)
    at async ModuleRegistry.evaluateModuleDependencies (https://flyeralarm.my.site.com/ESWWeb2CSAIDE1772457466861/webruntime/framework/1e7fb74fd8/prod/lwr_loader:12:9692)
    at async ModuleRegistry.evaluateModule (https://flyeralarm.my.site.com/ESWWeb2CSAIDE1772457466861/webruntime/framework/1e7fb74fd8/prod/lwr_loader:12:8157)
    at async ModuleRegistry.evaluateModuleDependencies (https://flyeralarm.my.site.com/ESWWeb2CSAIDE1772457466861/webruntime/framework/1e7fb74fd8/prod/lwr_loader:12:9692)
    at async ModuleRegistry.evaluateModule (https://flyeralarm.my.site.com/ESWWeb2CSAIDE1772457466861/webruntime/framework/1e7fb74fd8/prod/lwr_loader:12:8157)
    at async ModuleRegistry.evaluateModuleDependencies (https://flyeralarm.my.site.com/ESWWeb2CSAIDE1772457466861/webruntime/framework/1e7fb74fd8/prod/lwr_loader:12:9692) @ https://flyeralarm.my.site.com/ESWWeb2CSAIDE1772457466861/webruntime/component/8efb90142ddc67f5fd377d53ee6909df/prod/en-US/force/ldsWebruntimeOneStoreInit_cmp:30
[    2137ms] [LOG] Created Agentforce Messaging frame @ https://flyeralarm.my.site.com/ESWWeb2CSAIDE1772457466861/assets/js/bootstrap.min.js:0
[    2152ms] [LOG] [getResourceReferenceFromAuraMethod] aura controller mapping returned empty for 'EvfSdkController.getEventTypes' @ https://flyeralarm.my.site.com/ESWWeb2CSAIDE1772457466861/webruntime/framework/9b66f4a4e3/prod/lwr_bootstrap:2
[    2168ms] [LOG] Could not fetch the event types-[object Object] @ https://flyeralarm.my.site.com/ESWWeb2CSAIDE1772457466861/webruntime/view/8a68f720e89ef66e3fcbd4e987f01124/prod/en-US/home_view:411
[  535978ms] [LOG] eventType: beforeunload @ https://cdn.trkkn.com/tracking-extension/4.1/gtmext.min.4.1.1.js?pid=trial_flyeralarm:0
[ 1145459ms] [WARNING] [Meta Pixel] - Invalid PixelID: null. @ https://connect.facebook.net/en_US/fbevents.js:183
[ 1145459ms] [WARNING] [Meta Pixel] - Trying to set argument tmSimo-GTM-WebTemplate for uninitialized Pixel ID . @ https://connect.facebook.net/en_US/fbevents.js:183
[ 1145459ms] [WARNING] [Meta Pixel] - Pixel  not found @ https://connect.facebook.net/en_US/fbevents.js:183
[ 1146023ms] [LOG] Loaded CSS @ https://flyeralarm.my.site.com/ESWWeb2CSAIDE1772457466861/assets/js/bootstrap.min.js:0
[ 1146060ms] [ERROR] Error: no matches found for one or more requested services
    at https://flyeralarm.my.site.com/ESWWeb2CSAIDE1772457466861/webruntime/component/8efb90142ddc67f5fd377d53ee6909df/prod/en-US/force/ldsWebruntimeOneStoreInit_cmp:31:547
    at Object.then (https://flyeralarm.my.site.com/ESWWeb2CSAIDE1772457466861/webruntime/component/8efb90142ddc67f5fd377d53ee6909df/prod/en-US/force/ldsWebruntimeOneStoreInit_cmp:26:67)
    at e.default (https://flyeralarm.my.site.com/ESWWeb2CSAIDE1772457466861/webruntime/component/8efb90142ddc67f5fd377d53ee6909df/prod/en-US/force/ldsWebruntimeOneStoreInit_cmp:31:503)
    at https://flyeralarm.my.site.com/ESWWeb2CSAIDE1772457466861/webruntime/view/8a68f720e89ef66e3fcbd4e987f01124/prod/en-US/home_view:449:4906
    at ModuleRegistry.evaluateModule (https://flyeralarm.my.site.com/ESWWeb2CSAIDE1772457466861/webruntime/framework/1e7fb74fd8/prod/lwr_loader:12:8637)
    at async ModuleRegistry.evaluateModuleDependencies (https://flyeralarm.my.site.com/ESWWeb2CSAIDE1772457466861/webruntime/framework/1e7fb74fd8/prod/lwr_loader:12:9692)
    at async ModuleRegistry.evaluateModule (https://flyeralarm.my.site.com/ESWWeb2CSAIDE1772457466861/webruntime/framework/1e7fb74fd8/prod/lwr_loader:12:8157)
    at async ModuleRegistry.evaluateModuleDependencies (https://flyeralarm.my.site.com/ESWWeb2CSAIDE1772457466861/webruntime/framework/1e7fb74fd8/prod/lwr_loader:12:9692)
    at async ModuleRegistry.evaluateModule (https://flyeralarm.my.site.com/ESWWeb2CSAIDE1772457466861/webruntime/framework/1e7fb74fd8/prod/lwr_loader:12:8157)
    at async ModuleRegistry.evaluateModuleDependencies (https://flyeralarm.my.site.com/ESWWeb2CSAIDE1772457466861/webruntime/framework/1e7fb74fd8/prod/lwr_loader:12:9692) @ https://flyeralarm.my.site.com/ESWWeb2CSAIDE1772457466861/webruntime/component/8efb90142ddc67f5fd377d53ee6909df/prod/en-US/force/ldsWebruntimeOneStoreInit_cmp:30
[ 1146087ms] [LOG] Created Agentforce Messaging frame @ https://flyeralarm.my.site.com/ESWWeb2CSAIDE1772457466861/assets/js/bootstrap.min.js:0
[ 1146095ms] [LOG] [getResourceReferenceFromAuraMethod] aura controller mapping returned empty for 'EvfSdkController.getEventTypes' @ https://flyeralarm.my.site.com/ESWWeb2CSAIDE1772457466861/webruntime/framework/9b66f4a4e3/prod/lwr_bootstrap:2
[ 1146103ms] [LOG] Could not fetch the event types-[object Object] @ https://flyeralarm.my.site.com/ESWWeb2CSAIDE1772457466861/webruntime/view/8a68f720e89ef66e3fcbd4e987f01124/prod/en-US/home_view:411
[ 1148340ms] [WARNING] [Meta Pixel] - Invalid PixelID: null. @ https://connect.facebook.net/en_US/fbevents.js:183
[ 1148340ms] [WARNING] [Meta Pixel] - Trying to set argument tmSimo-GTM-WebTemplate for uninitialized Pixel ID . @ https://connect.facebook.net/en_US/fbevents.js:183
[ 1148340ms] [WARNING] [Meta Pixel] - Pixel  not found @ https://connect.facebook.net/en_US/fbevents.js:183
[ 1149583ms] [LOG] Loaded CSS @ https://flyeralarm.my.site.com/ESWWeb2CSAIDE1772457466861/assets/js/bootstrap.min.js:0
[ 1149640ms] [ERROR] Error: no matches found for one or more requested services
    at https://flyeralarm.my.site.com/ESWWeb2CSAIDE1772457466861/webruntime/component/8efb90142ddc67f5fd377d53ee6909df/prod/en-US/force/ldsWebruntimeOneStoreInit_cmp:31:547
    at Object.then (https://flyeralarm.my.site.com/ESWWeb2CSAIDE1772457466861/webruntime/component/8efb90142ddc67f5fd377d53ee6909df/prod/en-US/force/ldsWebruntimeOneStoreInit_cmp:26:67)
    at e.default (https://flyeralarm.my.site.com/ESWWeb2CSAIDE1772457466861/webruntime/component/8efb90142ddc67f5fd377d53ee6909df/prod/en-US/force/ldsWebruntimeOneStoreInit_cmp:31:503)
    at https://flyeralarm.my.site.com/ESWWeb2CSAIDE1772457466861/webruntime/view/8a68f720e89ef66e3fcbd4e987f01124/prod/en-US/home_view:449:4906
    at ModuleRegistry.evaluateModule (https://flyeralarm.my.site.com/ESWWeb2CSAIDE1772457466861/webruntime/framework/1e7fb74fd8/prod/lwr_loader:12:8637)
    at async ModuleRegistry.evaluateModuleDependencies (https://flyeralarm.my.site.com/ESWWeb2CSAIDE1772457466861/webruntime/framework/1e7fb74fd8/prod/lwr_loader:12:9692)
    at async ModuleRegistry.evaluateModule (https://flyeralarm.my.site.com/ESWWeb2CSAIDE1772457466861/webruntime/framework/1e7fb74fd8/prod/lwr_loader:12:8157)
    at async ModuleRegistry.evaluateModuleDependencies (https://flyeralarm.my.site.com/ESWWeb2CSAIDE1772457466861/webruntime/framework/1e7fb74fd8/prod/lwr_loader:12:9692)
    at async ModuleRegistry.evaluateModule (https://flyeralarm.my.site.com/ESWWeb2CSAIDE1772457466861/webruntime/framework/1e7fb74fd8/prod/lwr_loader:12:8157)
    at async ModuleRegistry.evaluateModuleDependencies (https://flyeralarm.my.site.com/ESWWeb2CSAIDE1772457466861/webruntime/framework/1e7fb74fd8/prod/lwr_loader:12:9692) @ https://flyeralarm.my.site.com/ESWWeb2CSAIDE1772457466861/webruntime/component/8efb90142ddc67f5fd377d53ee6909df/prod/en-US/force/ldsWebruntimeOneStoreInit_cmp:30
[ 1149647ms] [LOG] Created Agentforce Messaging frame @ https://flyeralarm.my.site.com/ESWWeb2CSAIDE1772457466861/assets/js/bootstrap.min.js:0
[ 1149654ms] [LOG] [getResourceReferenceFromAuraMethod] aura controller mapping returned empty for 'EvfSdkController.getEventTypes' @ https://flyeralarm.my.site.com/ESWWeb2CSAIDE1772457466861/webruntime/framework/9b66f4a4e3/prod/lwr_bootstrap:2
[ 1149662ms] [LOG] Could not fetch the event types-[object Object] @ https://flyeralarm.my.site.com/ESWWeb2CSAIDE1772457466861/webruntime/view/8a68f720e89ef66e3fcbd4e987f01124/prod/en-US/home_view:411
[ 1203309ms] [WARNING] [Meta Pixel] - Invalid PixelID: null. @ https://connect.facebook.net/en_US/fbevents.js:183
[ 1203309ms] [WARNING] [Meta Pixel] - Trying to set argument tmSimo-GTM-WebTemplate for uninitialized Pixel ID . @ https://connect.facebook.net/en_US/fbevents.js:183
[ 1203309ms] [WARNING] [Meta Pixel] - Pixel  not found @ https://connect.facebook.net/en_US/fbevents.js:183
[ 1203817ms] [LOG] Loaded CSS @ https://flyeralarm.my.site.com/ESWWeb2CSAIDE1772457466861/assets/js/bootstrap.min.js:0
[ 1203870ms] [ERROR] Error: no matches found for one or more requested services
    at https://flyeralarm.my.site.com/ESWWeb2CSAIDE1772457466861/webruntime/component/8efb90142ddc67f5fd377d53ee6909df/prod/en-US/force/ldsWebruntimeOneStoreInit_cmp:31:547
    at Object.then (https://flyeralarm.my.site.com/ESWWeb2CSAIDE1772457466861/webruntime/component/8efb90142ddc67f5fd377d53ee6909df/prod/en-US/force/ldsWebruntimeOneStoreInit_cmp:26:67)
    at e.default (https://flyeralarm.my.site.com/ESWWeb2CSAIDE1772457466861/webruntime/component/8efb90142ddc67f5fd377d53ee6909df/prod/en-US/force/ldsWebruntimeOneStoreInit_cmp:31:503)
    at https://flyeralarm.my.site.com/ESWWeb2CSAIDE1772457466861/webruntime/view/8a68f720e89ef66e3fcbd4e987f01124/prod/en-US/home_view:449:4906
    at ModuleRegistry.evaluateModule (https://flyeralarm.my.site.com/ESWWeb2CSAIDE1772457466861/webruntime/framework/1e7fb74fd8/prod/lwr_loader:12:8637)
    at async ModuleRegistry.evaluateModuleDependencies (https://flyeralarm.my.site.com/ESWWeb2CSAIDE1772457466861/webruntime/framework/1e7fb74fd8/prod/lwr_loader:12:9692)
    at async ModuleRegistry.evaluateModule (https://flyeralarm.my.site.com/ESWWeb2CSAIDE1772457466861/webruntime/framework/1e7fb74fd8/prod/lwr_loader:12:8157)
    at async ModuleRegistry.evaluateModuleDependencies (https://flyeralarm.my.site.com/ESWWeb2CSAIDE1772457466861/webruntime/framework/1e7fb74fd8/prod/lwr_loader:12:9692)
    at async ModuleRegistry.evaluateModule (https://flyeralarm.my.site.com/ESWWeb2CSAIDE1772457466861/webruntime/framework/1e7fb74fd8/prod/lwr_loader:12:8157)
    at async ModuleRegistry.evaluateModuleDependencies (https://flyeralarm.my.site.com/ESWWeb2CSAIDE1772457466861/webruntime/framework/1e7fb74fd8/prod/lwr_loader:12:9692) @ https://flyeralarm.my.site.com/ESWWeb2CSAIDE1772457466861/webruntime/component/8efb90142ddc67f5fd377d53ee6909df/prod/en-US/force/ldsWebruntimeOneStoreInit_cmp:30
[ 1203903ms] [LOG] Created Agentforce Messaging frame @ https://flyeralarm.my.site.com/ESWWeb2CSAIDE1772457466861/assets/js/bootstrap.min.js:0
[ 1203919ms] [LOG] [getResourceReferenceFromAuraMethod] aura controller mapping returned empty for 'EvfSdkController.getEventTypes' @ https://flyeralarm.my.site.com/ESWWeb2CSAIDE1772457466861/webruntime/framework/9b66f4a4e3/prod/lwr_bootstrap:2
[ 1203930ms] [LOG] Could not fetch the event types-[object Object] @ https://flyeralarm.my.site.com/ESWWeb2CSAIDE1772457466861/webruntime/view/8a68f720e89ef66e3fcbd4e987f01124/prod/en-US/home_view:411
[ 1227536ms] [WARNING] [Meta Pixel] - Invalid PixelID: null. @ https://connect.facebook.net/en_US/fbevents.js:183
[ 1227537ms] [WARNING] [Meta Pixel] - Trying to set argument tmSimo-GTM-WebTemplate for uninitialized Pixel ID . @ https://connect.facebook.net/en_US/fbevents.js:183
[ 1227537ms] [WARNING] [Meta Pixel] - Pixel  not found @ https://connect.facebook.net/en_US/fbevents.js:183
[ 1228083ms] [LOG] Loaded CSS @ https://flyeralarm.my.site.com/ESWWeb2CSAIDE1772457466861/assets/js/bootstrap.min.js:0
[ 1228142ms] [ERROR] Error: no matches found for one or more requested services
    at https://flyeralarm.my.site.com/ESWWeb2CSAIDE1772457466861/webruntime/component/8efb90142ddc67f5fd377d53ee6909df/prod/en-US/force/ldsWebruntimeOneStoreInit_cmp:31:547
    at Object.then (https://flyeralarm.my.site.com/ESWWeb2CSAIDE1772457466861/webruntime/component/8efb90142ddc67f5fd377d53ee6909df/prod/en-US/force/ldsWebruntimeOneStoreInit_cmp:26:67)
    at e.default (https://flyeralarm.my.site.com/ESWWeb2CSAIDE1772457466861/webruntime/component/8efb90142ddc67f5fd377d53ee6909df/prod/en-US/force/ldsWebruntimeOneStoreInit_cmp:31:503)
    at https://flyeralarm.my.site.com/ESWWeb2CSAIDE1772457466861/webruntime/view/8a68f720e89ef66e3fcbd4e987f01124/prod/en-US/home_view:449:4906
    at ModuleRegistry.evaluateModule (https://flyeralarm.my.site.com/ESWWeb2CSAIDE1772457466861/webruntime/framework/1e7fb74fd8/prod/lwr_loader:12:8637)
    at async ModuleRegistry.evaluateModuleDependencies (https://flyeralarm.my.site.com/ESWWeb2CSAIDE1772457466861/webruntime/framework/1e7fb74fd8/prod/lwr_loader:12:9692)
    at async ModuleRegistry.evaluateModule (https://flyeralarm.my.site.com/ESWWeb2CSAIDE1772457466861/webruntime/framework/1e7fb74fd8/prod/lwr_loader:12:8157)
    at async ModuleRegistry.evaluateModuleDependencies (https://flyeralarm.my.site.com/ESWWeb2CSAIDE1772457466861/webruntime/framework/1e7fb74fd8/prod/lwr_loader:12:9692)
    at async ModuleRegistry.evaluateModule (https://flyeralarm.my.site.com/ESWWeb2CSAIDE1772457466861/webruntime/framework/1e7fb74fd8/prod/lwr_loader:12:8157)
    at async ModuleRegistry.evaluateModuleDependencies (https://flyeralarm.my.site.com/ESWWeb2CSAIDE1772457466861/webruntime/framework/1e7fb74fd8/prod/lwr_loader:12:9692) @ https://flyeralarm.my.site.com/ESWWeb2CSAIDE1772457466861/webruntime/component/8efb90142ddc67f5fd377d53ee6909df/prod/en-US/force/ldsWebruntimeOneStoreInit_cmp:30
[ 1228170ms] [LOG] Created Agentforce Messaging frame @ https://flyeralarm.my.site.com/ESWWeb2CSAIDE1772457466861/assets/js/bootstrap.min.js:0
[ 1228177ms] [LOG] [getResourceReferenceFromAuraMethod] aura controller mapping returned empty for 'EvfSdkController.getEventTypes' @ https://flyeralarm.my.site.com/ESWWeb2CSAIDE1772457466861/webruntime/framework/9b66f4a4e3/prod/lwr_bootstrap:2
[ 1228184ms] [LOG] Could not fetch the event types-[object Object] @ https://flyeralarm.my.site.com/ESWWeb2CSAIDE1772457466861/webruntime/view/8a68f720e89ef66e3fcbd4e987f01124/prod/en-US/home_view:411
[ 2038695ms] [LOG] eventType: beforeunload @ https://cdn.trkkn.com/tracking-extension/4.1/gtmext.min.4.1.1.js?pid=trial_flyeralarm:0
[ 2039215ms] [WARNING] [Meta Pixel] - Invalid PixelID: null. @ https://connect.facebook.net/en_US/fbevents.js:183
[ 2039216ms] [WARNING] [Meta Pixel] - Trying to set argument tmSimo-GTM-WebTemplate for uninitialized Pixel ID . @ https://connect.facebook.net/en_US/fbevents.js:183
[ 2039216ms] [WARNING] [Meta Pixel] - Pixel  not found @ https://connect.facebook.net/en_US/fbevents.js:183
[ 2039762ms] [LOG] Loaded CSS @ https://flyeralarm.my.site.com/ESWWeb2CSAIDE1772457466861/assets/js/bootstrap.min.js:0
[ 2039789ms] [ERROR] Error: no matches found for one or more requested services
    at https://flyeralarm.my.site.com/ESWWeb2CSAIDE1772457466861/webruntime/component/8efb90142ddc67f5fd377d53ee6909df/prod/en-US/force/ldsWebruntimeOneStoreInit_cmp:31:547
    at Object.then (https://flyeralarm.my.site.com/ESWWeb2CSAIDE1772457466861/webruntime/component/8efb90142ddc67f5fd377d53ee6909df/prod/en-US/force/ldsWebruntimeOneStoreInit_cmp:26:67)
    at e.default (https://flyeralarm.my.site.com/ESWWeb2CSAIDE1772457466861/webruntime/component/8efb90142ddc67f5fd377d53ee6909df/prod/en-US/force/ldsWebruntimeOneStoreInit_cmp:31:503)
    at https://flyeralarm.my.site.com/ESWWeb2CSAIDE1772457466861/webruntime/view/8a68f720e89ef66e3fcbd4e987f01124/prod/en-US/home_view:449:4906
    at ModuleRegistry.evaluateModule (https://flyeralarm.my.site.com/ESWWeb2CSAIDE1772457466861/webruntime/framework/1e7fb74fd8/prod/lwr_loader:12:8637)
    at async ModuleRegistry.evaluateModuleDependencies (https://flyeralarm.my.site.com/ESWWeb2CSAIDE1772457466861/webruntime/framework/1e7fb74fd8/prod/lwr_loader:12:9692)
    at async ModuleRegistry.evaluateModule (https://flyeralarm.my.site.com/ESWWeb2CSAIDE1772457466861/webruntime/framework/1e7fb74fd8/prod/lwr_loader:12:8157)
    at async ModuleRegistry.evaluateModuleDependencies (https://flyeralarm.my.site.com/ESWWeb2CSAIDE1772457466861/webruntime/framework/1e7fb74fd8/prod/lwr_loader:12:9692)
    at async ModuleRegistry.evaluateModule (https://flyeralarm.my.site.com/ESWWeb2CSAIDE1772457466861/webruntime/framework/1e7fb74fd8/prod/lwr_loader:12:8157)
    at async ModuleRegistry.evaluateModuleDependencies (https://flyeralarm.my.site.com/ESWWeb2CSAIDE1772457466861/webruntime/framework/1e7fb74fd8/prod/lwr_loader:12:9692) @ https://flyeralarm.my.site.com/ESWWeb2CSAIDE1772457466861/webruntime/component/8efb90142ddc67f5fd377d53ee6909df/prod/en-US/force/ldsWebruntimeOneStoreInit_cmp:30
[ 2039815ms] [LOG] Created Agentforce Messaging frame @ https://flyeralarm.my.site.com/ESWWeb2CSAIDE1772457466861/assets/js/bootstrap.min.js:0
[ 2039822ms] [LOG] [getResourceReferenceFromAuraMethod] aura controller mapping returned empty for 'EvfSdkController.getEventTypes' @ https://flyeralarm.my.site.com/ESWWeb2CSAIDE1772457466861/webruntime/framework/9b66f4a4e3/prod/lwr_bootstrap:2
[ 2039830ms] [LOG] Could not fetch the event types-[object Object] @ https://flyeralarm.my.site.com/ESWWeb2CSAIDE1772457466861/webruntime/view/8a68f720e89ef66e3fcbd4e987f01124/prod/en-US/home_view:411
[ 2043919ms] [LOG] eventType: beforeunload @ https://cdn.trkkn.com/tracking-extension/4.1/gtmext.min.4.1.1.js?pid=trial_flyeralarm:0
[ 2044645ms] [WARNING] [Meta Pixel] - Invalid PixelID: null. @ https://connect.facebook.net/en_US/fbevents.js:183
[ 2044645ms] [WARNING] [Meta Pixel] - Trying to set argument tmSimo-GTM-WebTemplate for uninitialized Pixel ID . @ https://connect.facebook.net/en_US/fbevents.js:183
[ 2044645ms] [WARNING] [Meta Pixel] - Pixel  not found @ https://connect.facebook.net/en_US/fbevents.js:183
[ 2045117ms] [LOG] Loaded CSS @ https://flyeralarm.my.site.com/ESWWeb2CSAIDE1772457466861/assets/js/bootstrap.min.js:0
[ 2045174ms] [ERROR] Error: no matches found for one or more requested services
    at https://flyeralarm.my.site.com/ESWWeb2CSAIDE1772457466861/webruntime/component/8efb90142ddc67f5fd377d53ee6909df/prod/en-US/force/ldsWebruntimeOneStoreInit_cmp:31:547
    at Object.then (https://flyeralarm.my.site.com/ESWWeb2CSAIDE1772457466861/webruntime/component/8efb90142ddc67f5fd377d53ee6909df/prod/en-US/force/ldsWebruntimeOneStoreInit_cmp:26:67)
    at e.default (https://flyeralarm.my.site.com/ESWWeb2CSAIDE1772457466861/webruntime/component/8efb90142ddc67f5fd377d53ee6909df/prod/en-US/force/ldsWebruntimeOneStoreInit_cmp:31:503)
    at https://flyeralarm.my.site.com/ESWWeb2CSAIDE1772457466861/webruntime/view/8a68f720e89ef66e3fcbd4e987f01124/prod/en-US/home_view:449:4906
    at ModuleRegistry.evaluateModule (https://flyeralarm.my.site.com/ESWWeb2CSAIDE1772457466861/webruntime/framework/1e7fb74fd8/prod/lwr_loader:12:8637)
    at async ModuleRegistry.evaluateModuleDependencies (https://flyeralarm.my.site.com/ESWWeb2CSAIDE1772457466861/webruntime/framework/1e7fb74fd8/prod/lwr_loader:12:9692)
    at async ModuleRegistry.evaluateModule (https://flyeralarm.my.site.com/ESWWeb2CSAIDE1772457466861/webruntime/framework/1e7fb74fd8/prod/lwr_loader:12:8157)
    at async ModuleRegistry.evaluateModuleDependencies (https://flyeralarm.my.site.com/ESWWeb2CSAIDE1772457466861/webruntime/framework/1e7fb74fd8/prod/lwr_loader:12:9692)
    at async ModuleRegistry.evaluateModule (https://flyeralarm.my.site.com/ESWWeb2CSAIDE1772457466861/webruntime/framework/1e7fb74fd8/prod/lwr_loader:12:8157)
    at async ModuleRegistry.evaluateModuleDependencies (https://flyeralarm.my.site.com/ESWWeb2CSAIDE1772457466861/webruntime/framework/1e7fb74fd8/prod/lwr_loader:12:9692) @ https://flyeralarm.my.site.com/ESWWeb2CSAIDE1772457466861/webruntime/component/8efb90142ddc67f5fd377d53ee6909df/prod/en-US/force/ldsWebruntimeOneStoreInit_cmp:30
[ 2045182ms] [LOG] Created Agentforce Messaging frame @ https://flyeralarm.my.site.com/ESWWeb2CSAIDE1772457466861/assets/js/bootstrap.min.js:0
[ 2045192ms] [LOG] [getResourceReferenceFromAuraMethod] aura controller mapping returned empty for 'EvfSdkController.getEventTypes' @ https://flyeralarm.my.site.com/ESWWeb2CSAIDE1772457466861/webruntime/framework/9b66f4a4e3/prod/lwr_bootstrap:2
[ 2045201ms] [LOG] Could not fetch the event types-[object Object] @ https://flyeralarm.my.site.com/ESWWeb2CSAIDE1772457466861/webruntime/view/8a68f720e89ef66e3fcbd4e987f01124/prod/en-US/home_view:411
